// Jest Snapshot v1, https://goo.gl/fbAQLP

exports[`Logo renders properly 1`] = `
"<div class=\\"logo-block relative\\">
  <div class=\\"logo-block-v absolute left-0 top-0 w-1/4 h-full\\"></div>
  <div class=\\"logo-block-a absolute left-1/4 top-0 w-1/4 h-full\\"></div>
  <div class=\\"logo-block-s-bottom absolute left-1/2 top-1/2 w-1/4 h-1/2\\"></div>
  <div class=\\"logo-block-st-top absolute left-1/2 top-0 w-1/2 h-1/2\\"></div>
  <div class=\\"logo-block-t-bottom absolute top-1/2 h-1/2\\"></div>
</div>"
`;
